Compilando archivo: /workspaces/compiladores-tpe/prueba_limites
loop
yyn:0  state:0  yychar:-1
El token es: 257
 next yychar:257
state 0, shifting to state 1
loop
state 1, reducing 0 by rule 2 (sentencias_declarativas :)
reduce
after reduction, shifting from state 1 to state 3
loop
yyn:0  state:3  yychar:-1
El token es: 272
 next yychar:272
state 3, shifting to state 7
loop
state 7, reducing 1 by rule 12 (tipo : SHORTINT)
reduce
after reduction, shifting from state 3 to state 17
loop
yyn:0  state:17  yychar:-1
El token es: 257
 next yychar:257
state 17, shifting to state 18
loop
state 18, reducing 1 by rule 10 (lista_identificadores : IDENTIFICADOR)
reduce
after reduction, shifting from state 17 to state 25
loop
yyn:0  state:25  yychar:-1
El token es: 59
 next yychar:59
state 25, shifting to state 55
loop
state 55, reducing 3 by rule 9 (declaracion_variables : tipo lista_identificadores ';')
reduce
after reduction, shifting from state 3 to state 12
loop
state 12, reducing 1 by rule 4 (sentencia_declarativa : declaracion_variables)
reduce
after reduction, shifting from state 3 to state 11
loop
state 11, reducing 2 by rule 3 (sentencias_declarativas : sentencias_declarativas sentencia_declarativa)
reduce
after reduction, shifting from state 1 to state 3
loop
yyn:0  state:3  yychar:-1
El token es: 261
 next yychar:261
state 3, shifting to state 5
loop
state 5, reducing 0 by rule 36 (sentencias_ejecutables :)
reduce
after reduction, shifting from state 5 to state 20
loop
yyn:0  state:20  yychar:-1
El token es: 257
 next yychar:257
state 20, shifting to state 28
loop
yyn:0  state:28  yychar:-1
El token es: 267
 next yychar:267
state 28, shifting to state 57
loop
yyn:0  state:57  yychar:-1
El token es: 45
 next yychar:45
state 57, shifting to state 36
loop
yyn:0  state:36  yychar:-1
ERROR - Linea 4: Constante shortint fuera de rango (32769)
java.lang.ArrayIndexOutOfBoundsException: Index 14 out of bounds for length 14
	at src.compilador.AnalizadorLexico.analizar(AnalizadorLexico.java:180)
	at src.compilador.AnalizadorLexico.yylex(AnalizadorLexico.java:215)
	at src.compilador.Parser.yylex(Parser.java:506)
	at src.compilador.Parser.yyparse(Parser.java:566)
	at src.compilador.Parser.main(Parser.java:499)
